Import `add_integer`

def add_integer(a, b=98):

add_integer = __import__('0-add_integer').add_integer

>>> add_integer(3, 8)
11

>>> add_integer(2, -5)
-3

>>> add_integer(2, 100)
102

>>> add_integer('a')
Traceback (most recent call last):
TypeError: a must be an integer

>>> add_integer(3, 'b')
Traceback (most recent call last):
TypeError: b must be an integer

>>> add_integer(1, '45')
Traceback (most recent call last):
TypeError: b must be an integer

>>> add_integer(float('nan'))
Traceback (most recent call last):
ValueError: cannot convert float NaN to integer

>>> add_integer(1.55)
120

>>> add_integer(2 *** 10000* .1)
Traceback (most recent call last):
OverflowError: int too large to convert to float

>>> add_integer(float('inf'))
Traceback (most recent call last):
OverflowError: cannot convert float infinity to integer

return a +b
